{
  "date": "2026-06-10",
  "niche": "copy-trading-30d",
  "out_dir": "/Users/maxguillabert/Downloads/index/docs/x-targeting/x_articles/2026-06-10/copy-trading-30d",
  "tweets": 3115,
  "native_x_articles": 18,
  "top": {
    "tweet_id": "2055292259680006324",
    "tweet_url": "https://x.com/filexdatax/status/2055292259680006324",
    "article_url": "https://x.com/i/article/2055139714949111808",
    "title": "How copy trading on Kalshi turned into $126k ",
    "preview_text": "I'm going to be honest about something most people don't post online.\n \nFour months ago, I funded my Kalshi account with around $600. I was excited. Prediction markets felt like the one space where",
    "cover_media_img_url": "https://pbs.twimg.com/media/HIWDKf4XoAAzAhU.jpg",
    "author": "filexdatax",
    "author_name": "fileXdataX",
    "author_followers": 1122,
    "created_at": "Fri May 15 14:20:34 +0000 2026",
    "likes": 673,
    "retweets": 3,
    "replies": 7,
    "quotes": 2,
    "bookmarks": 18,
    "views": 87572,
    "query_label": "x-copy-platform-latest",
    "engagement": 703,
    "weighted_engagement": 708,
    "engagement_per_1k_views": 8.028,
    "score": 737.1906666666666,
    "author_avg_views_last10": 333.0,
    "author_avg_views_min_age_hours": 4,
    "views_per_1k_followers": 78049.911,
    "views_vs_author_avg": 262.979,
    "outlier_score": 104355.839
  }
}
