{
  "date": "2026-06-09",
  "niche": "crypto-30d",
  "out_dir": "/Users/maxguillabert/Downloads/index/docs/x-targeting/x_articles/2026-06-09/crypto-30d",
  "tweets": 2229,
  "native_x_articles": 100,
  "top": {
    "tweet_id": "2059371247163613489",
    "tweet_url": "https://x.com/TrustlessState/status/2059371247163613489",
    "article_url": "https://x.com/i/article/2059355717711155200",
    "title": "Why I Sold My ETH",
    "preview_text": "If you missed the news last week, I sold my ETH.\nFor someone who built a career, community, identity, and business around Ethereum, this choice does not come lightly.\nThe decision to sell deserves a",
    "cover_media_img_url": "https://pbs.twimg.com/media/HJRYxBFXAAAPCph.jpg",
    "author": "TrustlessState",
    "author_name": "David Hoffman",
    "author_followers": 256643,
    "created_at": "Tue May 26 20:29:01 +0000 2026",
    "likes": 2038,
    "retweets": 212,
    "replies": 634,
    "quotes": 458,
    "bookmarks": 1828,
    "views": 1910971,
    "query_label": "replies-gte-500",
    "engagement": 5170,
    "weighted_engagement": 5840,
    "engagement_per_1k_views": 2.705,
    "score": 5940,
    "author_avg_views_last10": 15274.1,
    "author_avg_views_min_age_hours": 4,
    "views_per_1k_followers": 7446.028,
    "views_vs_author_avg": 125.112,
    "outlier_score": 19959.933
  }
}
