{
  "date": "2026-06-09",
  "niche": "hip4-30d",
  "out_dir": "/Users/maxguillabert/Downloads/index/docs/x-targeting/x_articles/2026-06-09/hip4-30d",
  "tweets": 1490,
  "native_x_articles": 23,
  "top": {
    "tweet_id": "2059092172348256441",
    "tweet_url": "https://x.com/XLayerOfficial/status/2059092172348256441",
    "article_url": "https://x.com/i/article/2059084741450895360",
    "title": "Introducing Exchange OS: Build Your Own Market",
    "preview_text": "Today, we are introducing Exchange OS, a major protocol upgrade built on X Layer that enables developers, institutions, and ecosystem participants to deploy spot, perpetuals, and outcome markets using",
    "cover_media_img_url": "https://pbs.twimg.com/media/HJNWy0lasAAclj7.png",
    "author": "XLayerOfficial",
    "author_name": "X Layer",
    "author_followers": 149969,
    "created_at": "Tue May 26 02:00:04 +0000 2026",
    "likes": 398,
    "retweets": 101,
    "replies": 75,
    "quotes": 154,
    "bookmarks": 90,
    "views": 667286,
    "query_label": "rt-gte-100",
    "engagement": 818,
    "weighted_engagement": 1073,
    "engagement_per_1k_views": 1.226,
    "score": 1173,
    "author_avg_views_last10": 29348.9,
    "author_avg_views_min_age_hours": 4,
    "views_per_1k_followers": 4449.493,
    "views_vs_author_avg": 22.736,
    "outlier_score": 6724.319
  }
}
