{
  "date": "2026-06-09",
  "niche": "hyperliquid-30d",
  "out_dir": "/Users/maxguillabert/Downloads/index/docs/x-targeting/x_articles/2026-06-09/hyperliquid-30d",
  "tweets": 1585,
  "native_x_articles": 94,
  "top": {
    "tweet_id": "2062516745307349308",
    "tweet_url": "https://x.com/cryptodotnews/status/2062516745307349308",
    "article_url": "https://x.com/i/article/2062508197085159424",
    "title": "Hyperliquid: How 11 people built crypto's most important exchange",
    "preview_text": "In a market built on venture capital, insider allocations, and relentless self-promotion, Hyperliquid did the opposite of everything and won anyway. It took no VC money. It gave 31 percent of its",
    "cover_media_img_url": "https://pbs.twimg.com/media/HJ-Dh7bW0AAk5on.jpg",
    "author": "cryptodotnews",
    "author_name": "crypto.news",
    "author_followers": 119741,
    "created_at": "Thu Jun 04 12:48:06 +0000 2026",
    "likes": 37,
    "retweets": 3,
    "replies": 2,
    "quotes": 2,
    "bookmarks": 11,
    "views": 397407,
    "query_label": "likes-gte-10",
    "engagement": 55,
    "weighted_engagement": 60,
    "engagement_per_1k_views": 0.138,
    "score": 160,
    "author_avg_views_last10": 2235.7,
    "author_avg_views_min_age_hours": 4,
    "views_per_1k_followers": 3318.888,
    "views_vs_author_avg": 177.755,
    "outlier_score": 21094.526
  }
}
