
### likes-gte-100 [Top] (Hyperliquid OR HyperEVM OR HyperCore OR $HYPE OR HIP-3 OR HIP-4 OR HLP OR HyperUnit OR Hyperbeat OR Felix OR HypurrFi OR HyperLend OR Kinetiq OR HyperSwap OR Hypernova OR HyperBloom OR $PURR) min_faves:100 url:x.com/i/article since:2026-05-10 -is:retweet
  ↳ xarticles:likes-gte-100:p0  bal_before=9900129  est=300c
  ↳ xarticles:likes-gte-100:p0  bal_after=9900129  spent=0c ($0.0)  count=18
  ↳ xarticles:likes-gte-100:p1  bal_before=9900129  est=300c
  ↳ xarticles:likes-gte-100:p1  bal_after=9900129  spent=0c ($0.0)  count=20
  ↳ xarticles:likes-gte-100:p2  bal_before=9900129  est=300c
  ↳ xarticles:likes-gte-100:p2  bal_after=9900129  spent=0c ($0.0)  count=20
  ↳ xarticles:likes-gte-100:p3  bal_before=9900129  est=300c
  ↳ xarticles:likes-gte-100:p3  bal_after=9900129  spent=0c ($0.0)  count=20
  ↳ xarticles:likes-gte-100:p4  bal_before=9900129  est=300c
  ↳ xarticles:likes-gte-100:p4  bal_after=9899559  spent=570c ($0.0057)  count=20
  ↳ xarticles:likes-gte-100:p5  bal_before=9899559  est=300c
  ↳ xarticles:likes-gte-100:p5  bal_after=9899559  spent=0c ($0.0)  count=20
  ↳ xarticles:likes-gte-100:p6  bal_before=9899559  est=300c
  ↳ xarticles:likes-gte-100:p6  bal_after=9899559  spent=0c ($0.0)  count=20
  ↳ xarticles:likes-gte-100:p7  bal_before=9899559  est=300c
  ↳ xarticles:likes-gte-100:p7  bal_after=9899559  spent=0c ($0.0)  count=20

### likes-gte-50 [Top] (Hyperliquid OR HyperEVM OR HyperCore OR $HYPE OR HIP-3 OR HIP-4 OR HLP OR HyperUnit OR Hyperbeat OR Felix OR HypurrFi OR HyperLend OR Kinetiq OR HyperSwap OR Hypernova OR HyperBloom OR $PURR) min_faves:50 url:x.com/i/article since:2026-05-10 -is:retweet
  ↳ xarticles:likes-gte-50:p0  bal_before=9899559  est=300c
  ↳ xarticles:likes-gte-50:p0  bal_after=9899559  spent=0c ($0.0)  count=20
  ↳ xarticles:likes-gte-50:p1  bal_before=9899559  est=300c
  ↳ xarticles:likes-gte-50:p1  bal_after=9899559  spent=0c ($0.0)  count=20
  ↳ xarticles:likes-gte-50:p2  bal_before=9899559  est=300c
  ↳ xarticles:likes-gte-50:p2  bal_after=9899559  spent=0c ($0.0)  count=20
  ↳ xarticles:likes-gte-50:p3  bal_before=9899559  est=300c
  ↳ xarticles:likes-gte-50:p3  bal_after=9899559  spent=0c ($0.0)  count=20
  ↳ xarticles:likes-gte-50:p4  bal_before=9899559  est=300c
  ↳ xarticles:likes-gte-50:p4  bal_after=9896859  spent=2700c ($0.027)  count=20
  ↳ xarticles:likes-gte-50:p5  bal_before=9896859  est=300c
  ↳ xarticles:likes-gte-50:p5  bal_after=9896859  spent=0c ($0.0)  count=20
  ↳ xarticles:likes-gte-50:p6  bal_before=9896859  est=300c
  ↳ xarticles:likes-gte-50:p6  bal_after=9896859  spent=0c ($0.0)  count=20
  ↳ xarticles:likes-gte-50:p7  bal_before=9896859  est=300c
  ↳ xarticles:likes-gte-50:p7  bal_after=9896859  spent=0c ($0.0)  count=19

### likes-gte-25 [Top] (Hyperliquid OR HyperEVM OR HyperCore OR $HYPE OR HIP-3 OR HIP-4 OR HLP OR HyperUnit OR Hyperbeat OR Felix OR HypurrFi OR HyperLend OR Kinetiq OR HyperSwap OR Hypernova OR HyperBloom OR $PURR) min_faves:25 url:x.com/i/article since:2026-05-10 -is:retweet
  ↳ xarticles:likes-gte-25:p0  bal_before=9896859  est=300c
  ↳ xarticles:likes-gte-25:p0  bal_after=9895374  spent=1485c ($0.0149)  count=20
  ↳ xarticles:likes-gte-25:p1  bal_before=9895374  est=300c
  ↳ xarticles:likes-gte-25:p1  bal_after=9895374  spent=0c ($0.0)  count=20
  ↳ xarticles:likes-gte-25:p2  bal_before=9895374  est=300c
  ↳ xarticles:likes-gte-25:p2  bal_after=9895374  spent=0c ($0.0)  count=20
  ↳ xarticles:likes-gte-25:p3  bal_before=9895374  est=300c
  ↳ xarticles:likes-gte-25:p3  bal_after=9895374  spent=0c ($0.0)  count=20
  ↳ xarticles:likes-gte-25:p4  bal_before=9895374  est=300c
  ↳ xarticles:likes-gte-25:p4  bal_after=9895374  spent=0c ($0.0)  count=18
  ↳ xarticles:likes-gte-25:p5  bal_before=9895374  est=300c
  ↳ xarticles:likes-gte-25:p5  bal_after=9895374  spent=0c ($0.0)  count=20
  ↳ xarticles:likes-gte-25:p6  bal_before=9895374  est=300c
  ↳ xarticles:likes-gte-25:p6  bal_after=9895374  spent=0c ($0.0)  count=20
  ↳ xarticles:likes-gte-25:p7  bal_before=9895374  est=300c
  ↳ xarticles:likes-gte-25:p7  bal_after=9895374  spent=0c ($0.0)  count=19

### likes-gte-10 [Top] (Hyperliquid OR HyperEVM OR HyperCore OR $HYPE OR HIP-3 OR HIP-4 OR HLP OR HyperUnit OR Hyperbeat OR Felix OR HypurrFi OR HyperLend OR Kinetiq OR HyperSwap OR Hypernova OR HyperBloom OR $PURR) min_faves:10 url:x.com/i/article since:2026-05-10 -is:retweet
  ↳ xarticles:likes-gte-10:p0  bal_before=9895374  est=300c
  ↳ xarticles:likes-gte-10:p0  bal_after=9895374  spent=0c ($0.0)  count=18
  ↳ xarticles:likes-gte-10:p1  bal_before=9895374  est=300c
  ↳ xarticles:likes-gte-10:p1  bal_after=9895374  spent=0c ($0.0)  count=20
  ↳ xarticles:likes-gte-10:p2  bal_before=9895374  est=300c
  ↳ xarticles:likes-gte-10:p2  bal_after=9895374  spent=0c ($0.0)  count=20
  ↳ xarticles:likes-gte-10:p3  bal_before=9895374  est=300c
  ↳ xarticles:likes-gte-10:p3  bal_after=9892449  spent=2925c ($0.0293)  count=20
  ↳ xarticles:likes-gte-10:p4  bal_before=9892449  est=300c
  ↳ xarticles:likes-gte-10:p4  bal_after=9892449  spent=0c ($0.0)  count=20
  ↳ xarticles:likes-gte-10:p5  bal_before=9892449  est=300c
  ↳ xarticles:likes-gte-10:p5  bal_after=9892449  spent=0c ($0.0)  count=20
  ↳ xarticles:likes-gte-10:p6  bal_before=9892449  est=300c
  ↳ xarticles:likes-gte-10:p6  bal_after=9892449  spent=0c ($0.0)  count=20
  ↳ xarticles:likes-gte-10:p7  bal_before=9892449  est=300c
  ↳ xarticles:likes-gte-10:p7  bal_after=9892449  spent=0c ($0.0)  count=20

### likes-gte-5 [Top] (Hyperliquid OR HyperEVM OR HyperCore OR $HYPE OR HIP-3 OR HIP-4 OR HLP OR HyperUnit OR Hyperbeat OR Felix OR HypurrFi OR HyperLend OR Kinetiq OR HyperSwap OR Hypernova OR HyperBloom OR $PURR) min_faves:5 url:x.com/i/article since:2026-05-10 -is:retweet
  ↳ xarticles:likes-gte-5:p0  bal_before=9892449  est=300c
  ↳ xarticles:likes-gte-5:p0  bal_after=9892449  spent=0c ($0.0)  count=19
  ↳ xarticles:likes-gte-5:p1  bal_before=9892449  est=300c
  ↳ xarticles:likes-gte-5:p1  bal_after=9892449  spent=0c ($0.0)  count=20
  ↳ xarticles:likes-gte-5:p2  bal_before=9892449  est=300c
  ↳ xarticles:likes-gte-5:p2  bal_after=9892449  spent=0c ($0.0)  count=20
  ↳ xarticles:likes-gte-5:p3  bal_before=9892449  est=300c
  ↳ xarticles:likes-gte-5:p3  bal_after=9892449  spent=0c ($0.0)  count=20
  ↳ xarticles:likes-gte-5:p4  bal_before=9892449  est=300c
  ↳ xarticles:likes-gte-5:p4  bal_after=9889464  spent=2985c ($0.0299)  count=20
  ↳ xarticles:likes-gte-5:p5  bal_before=9889464  est=300c
  ↳ xarticles:likes-gte-5:p5  bal_after=9889464  spent=0c ($0.0)  count=20
  ↳ xarticles:likes-gte-5:p6  bal_before=9889464  est=300c
  ↳ xarticles:likes-gte-5:p6  bal_after=9889464  spent=0c ($0.0)  count=20
  ↳ xarticles:likes-gte-5:p7  bal_before=9889464  est=300c
  ↳ xarticles:likes-gte-5:p7  bal_after=9889464  spent=0c ($0.0)  count=20

### likes-gte-2 [Top] (Hyperliquid OR HyperEVM OR HyperCore OR $HYPE OR HIP-3 OR HIP-4 OR HLP OR HyperUnit OR Hyperbeat OR Felix OR HypurrFi OR HyperLend OR Kinetiq OR HyperSwap OR Hypernova OR HyperBloom OR $PURR) min_faves:2 url:x.com/i/article since:2026-05-10 -is:retweet
  ↳ xarticles:likes-gte-2:p0  bal_before=9889464  est=300c
  ↳ xarticles:likes-gte-2:p0  bal_after=9889464  spent=0c ($0.0)  count=20
  ↳ xarticles:likes-gte-2:p1  bal_before=9889464  est=300c
  ↳ xarticles:likes-gte-2:p1  bal_after=9889464  spent=0c ($0.0)  count=20
  ↳ xarticles:likes-gte-2:p2  bal_before=9889464  est=300c
  ↳ xarticles:likes-gte-2:p2  bal_after=9889464  spent=0c ($0.0)  count=20
  ↳ xarticles:likes-gte-2:p3  bal_before=9889464  est=300c
  ↳ xarticles:likes-gte-2:p3  bal_after=9889464  spent=0c ($0.0)  count=18
  ↳ xarticles:likes-gte-2:p4  bal_before=9889464  est=300c
  ↳ xarticles:likes-gte-2:p4  bal_after=9889464  spent=0c ($0.0)  count=20
  ↳ xarticles:likes-gte-2:p5  bal_before=9889464  est=300c
  ↳ xarticles:likes-gte-2:p5  bal_after=9889464  spent=0c ($0.0)  count=20
  ↳ xarticles:likes-gte-2:p6  bal_before=9889464  est=300c
  ↳ xarticles:likes-gte-2:p6  bal_after=9886794  spent=2670c ($0.0267)  count=20
  ↳ xarticles:likes-gte-2:p7  bal_before=9886794  est=300c
  ↳ xarticles:likes-gte-2:p7  bal_after=9886794  spent=0c ($0.0)  count=20

### likes-gte-1 [Top] (Hyperliquid OR HyperEVM OR HyperCore OR $HYPE OR HIP-3 OR HIP-4 OR HLP OR HyperUnit OR Hyperbeat OR Felix OR HypurrFi OR HyperLend OR Kinetiq OR HyperSwap OR Hypernova OR HyperBloom OR $PURR) min_faves:1 url:x.com/i/article since:2026-05-10 -is:retweet
  ↳ xarticles:likes-gte-1:p0  bal_before=9886794  est=300c
  ↳ xarticles:likes-gte-1:p0  bal_after=9886794  spent=0c ($0.0)  count=20
  ↳ xarticles:likes-gte-1:p1  bal_before=9886794  est=300c
  ↳ xarticles:likes-gte-1:p1  bal_after=9886794  spent=0c ($0.0)  count=20
  ↳ xarticles:likes-gte-1:p2  bal_before=9886794  est=300c
  ↳ xarticles:likes-gte-1:p2  bal_after=9886794  spent=0c ($0.0)  count=17
  ↳ xarticles:likes-gte-1:p3  bal_before=9886794  est=300c
  ↳ xarticles:likes-gte-1:p3  bal_after=9886794  spent=0c ($0.0)  count=20
  ↳ xarticles:likes-gte-1:p4  bal_before=9886794  est=300c
  ↳ xarticles:likes-gte-1:p4  bal_after=9886794  spent=0c ($0.0)  count=20
  ↳ xarticles:likes-gte-1:p5  bal_before=9886794  est=300c
  ↳ xarticles:likes-gte-1:p5  bal_after=9886794  spent=0c ($0.0)  count=20
  ↳ xarticles:likes-gte-1:p6  bal_before=9886794  est=300c
  ↳ xarticles:likes-gte-1:p6  bal_after=9886794  spent=0c ($0.0)  count=20
  ↳ xarticles:likes-gte-1:p7  bal_before=9886794  est=300c
  ↳ xarticles:likes-gte-1:p7  bal_after=9884139  spent=2655c ($0.0266)  count=20

### broad-native-top [Top] (Hyperliquid OR HyperEVM OR HyperCore OR $HYPE OR HIP-3 OR HIP-4 OR HLP OR HyperUnit OR Hyperbeat OR Felix OR HypurrFi OR HyperLend OR Kinetiq OR HyperSwap OR Hypernova OR HyperBloom OR $PURR) url:x.com/i/article since:2026-05-10 -is:retweet
  ↳ xarticles:broad-native-top:p0  bal_before=9884139  est=300c
  ↳ xarticles:broad-native-top:p0  bal_after=9884139  spent=0c ($0.0)  count=20
  ↳ xarticles:broad-native-top:p1  bal_before=9884139  est=300c
  ↳ xarticles:broad-native-top:p1  bal_after=9884139  spent=0c ($0.0)  count=20
  ↳ xarticles:broad-native-top:p2  bal_before=9884139  est=300c
  ↳ xarticles:broad-native-top:p2  bal_after=9884139  spent=0c ($0.0)  count=20
  ↳ xarticles:broad-native-top:p3  bal_before=9884139  est=300c
  ↳ xarticles:broad-native-top:p3  bal_after=9884139  spent=0c ($0.0)  count=20
  ↳ xarticles:broad-native-top:p4  bal_before=9884139  est=300c
  ↳ xarticles:broad-native-top:p4  bal_after=9884139  spent=0c ($0.0)  count=20
  ↳ xarticles:broad-native-top:p5  bal_before=9884139  est=300c
  ↳ xarticles:broad-native-top:p5  bal_after=9884139  spent=0c ($0.0)  count=20
  ↳ xarticles:broad-native-top:p6  bal_before=9884139  est=300c
  ↳ xarticles:broad-native-top:p6  bal_after=9884139  spent=0c ($0.0)  count=20
  ↳ xarticles:broad-native-top:p7  bal_before=9884139  est=300c
  ↳ xarticles:broad-native-top:p7  bal_after=9881739  spent=2400c ($0.024)  count=20

### keyword-native-top [Top] (Hyperliquid OR HyperEVM OR HyperCore OR $HYPE OR HIP-3 OR HIP-4 OR HLP OR HyperUnit OR Hyperbeat OR Felix OR HypurrFi OR HyperLend OR Kinetiq OR HyperSwap OR Hypernova OR HyperBloom OR $PURR) url:x.com/i/article since:2026-05-10 -is:retweet min_faves:5
  ↳ xarticles:keyword-native-top:p0  bal_before=9881739  est=300c
  ↳ xarticles:keyword-native-top:p0  bal_after=9881739  spent=0c ($0.0)  count=20
  ↳ xarticles:keyword-native-top:p1  bal_before=9881739  est=300c
  ↳ xarticles:keyword-native-top:p1  bal_after=9881739  spent=0c ($0.0)  count=20
  ↳ xarticles:keyword-native-top:p2  bal_before=9881739  est=300c
  ↳ xarticles:keyword-native-top:p2  bal_after=9881739  spent=0c ($0.0)  count=20
  ↳ xarticles:keyword-native-top:p3  bal_before=9881739  est=300c
  ↳ xarticles:keyword-native-top:p3  bal_after=9881739  spent=0c ($0.0)  count=19
  ↳ xarticles:keyword-native-top:p4  bal_before=9881739  est=300c
  ↳ xarticles:keyword-native-top:p4  bal_after=9881739  spent=0c ($0.0)  count=20
  ↳ xarticles:keyword-native-top:p5  bal_before=9881739  est=300c
  ↳ xarticles:keyword-native-top:p5  bal_after=9881739  spent=0c ($0.0)  count=20
  ↳ xarticles:keyword-native-top:p6  bal_before=9881739  est=300c
  ↳ xarticles:keyword-native-top:p6  bal_after=9879654  spent=2085c ($0.0209)  count=20
  ↳ xarticles:keyword-native-top:p7  bal_before=9879654  est=300c
  ↳ xarticles:keyword-native-top:p7  bal_after=9879654  spent=0c ($0.0)  count=20

### keyword-native-latest [Latest] (Hyperliquid OR HyperEVM OR HyperCore OR $HYPE OR HIP-3 OR HIP-4 OR HLP OR HyperUnit OR Hyperbeat OR Felix OR HypurrFi OR HyperLend OR Kinetiq OR HyperSwap OR Hypernova OR HyperBloom OR $PURR) url:x.com/i/article since:2026-05-10 -is:retweet
  ↳ xarticles:keyword-native-latest:p0  bal_before=9879654  est=300c
  ↳ xarticles:keyword-native-latest:p0  bal_after=9879654  spent=0c ($0.0)  count=20
  ↳ xarticles:keyword-native-latest:p1  bal_before=9879654  est=300c
  ↳ xarticles:keyword-native-latest:p1  bal_after=9879654  spent=0c ($0.0)  count=20
  ↳ xarticles:keyword-native-latest:p2  bal_before=9879654  est=300c
  ↳ xarticles:keyword-native-latest:p2  bal_after=9879654  spent=0c ($0.0)  count=20
  ↳ xarticles:keyword-native-latest:p3  bal_before=9879654  est=300c
  ↳ xarticles:keyword-native-latest:p3  bal_after=9879654  spent=0c ($0.0)  count=20
  ↳ xarticles:keyword-native-latest:p4  bal_before=9879654  est=300c
  ↳ xarticles:keyword-native-latest:p4  bal_after=9879654  spent=0c ($0.0)  count=20
  ↳ xarticles:keyword-native-latest:p5  bal_before=9879654  est=300c
  ↳ xarticles:keyword-native-latest:p5  bal_after=9879654  spent=0c ($0.0)  count=20
  ↳ xarticles:keyword-native-latest:p6  bal_before=9879654  est=300c
  ↳ xarticles:keyword-native-latest:p6  bal_after=9879654  spent=0c ($0.0)  count=20
  ↳ xarticles:keyword-native-latest:p7  bal_before=9879654  est=300c
  ↳ xarticles:keyword-native-latest:p7  bal_after=9879654  spent=0c ($0.0)  count=20
  ↳ xarticles:author-baseline:SoSoValueCrypto  bal_before=9879654  est=300c
  ↳ xarticles:author-baseline:SoSoValueCrypto  bal_after=9879654  spent=0c ($0.0)  count=20
  ↳ xarticles:author-baseline:MossAI_CN  bal_before=9879654  est=300c
  ↳ xarticles:author-baseline:MossAI_CN  bal_after=9879654  spent=0c ($0.0)  count=20
  ↳ xarticles:author-baseline:nativemarkets  bal_before=9879654  est=300c
  ↳ xarticles:author-baseline:nativemarkets  bal_after=9879654  spent=0c ($0.0)  count=20
  ↳ xarticles:author-baseline:BL_labs_xyz  bal_before=9879654  est=300c
  ↳ xarticles:author-baseline:BL_labs_xyz  bal_after=9879654  spent=0c ($0.0)  count=1
  ↳ xarticles:author-baseline:punk2898  bal_before=9879654  est=300c
  ↳ xarticles:author-baseline:punk2898  bal_after=9875454  spent=4200c ($0.042)  count=20
  ↳ xarticles:author-baseline:Delphi_Digital  bal_before=9875454  est=300c
  ↳ xarticles:author-baseline:Delphi_Digital  bal_after=9875454  spent=0c ($0.0)  count=20
  ↳ xarticles:author-baseline:ilies_larbi  bal_before=9875454  est=300c
  ↳ xarticles:author-baseline:ilies_larbi  bal_after=9875454  spent=0c ($0.0)  count=18
  ↳ xarticles:author-baseline:Rekt_Zerker  bal_before=9875454  est=300c
  ↳ xarticles:author-baseline:Rekt_Zerker  bal_after=9875454  spent=0c ($0.0)  count=20
  ↳ xarticles:author-baseline:MixemaCrypto  bal_before=9875454  est=300c
  ↳ xarticles:author-baseline:MixemaCrypto  bal_after=9875454  spent=0c ($0.0)  count=20
  ↳ xarticles:author-baseline:HyperliquidPC  bal_before=9875454  est=300c
  ↳ xarticles:author-baseline:HyperliquidPC  bal_after=9875454  spent=0c ($0.0)  count=19
  ↳ xarticles:author-baseline:virtuals_io  bal_before=9875454  est=300c
  ↳ xarticles:author-baseline:virtuals_io  bal_after=9875454  spent=0c ($0.0)  count=20
  ↳ xarticles:author-baseline:HyperliquidR  bal_before=9875454  est=300c
  ↳ xarticles:author-baseline:HyperliquidR  bal_after=9875454  spent=0c ($0.0)  count=20
  ↳ xarticles:author-baseline:moonpay  bal_before=9875454  est=300c
  ↳ xarticles:author-baseline:moonpay  bal_after=9875454  spent=0c ($0.0)  count=20
  ↳ xarticles:author-baseline:giant_cutie  bal_before=9875454  est=300c
  ↳ xarticles:author-baseline:giant_cutie  bal_after=9875454  spent=0c ($0.0)  count=20
  ↳ xarticles:author-baseline:minstrell_  bal_before=9875454  est=300c
  ↳ xarticles:author-baseline:minstrell_  bal_after=9875454  spent=0c ($0.0)  count=20
  ↳ xarticles:author-baseline:HyperEVM_CN  bal_before=9875454  est=300c
  ↳ xarticles:author-baseline:HyperEVM_CN  bal_after=9875454  spent=0c ($0.0)  count=20
  ↳ xarticles:author-baseline:VikingoDigital_  bal_before=9875454  est=300c
  ↳ xarticles:author-baseline:VikingoDigital_  bal_after=9875454  spent=0c ($0.0)  count=20
  ↳ xarticles:author-baseline:BrianRoemmele  bal_before=9875454  est=300c
  ↳ xarticles:author-baseline:BrianRoemmele  bal_after=9875454  spent=0c ($0.0)  count=20
  ↳ xarticles:author-baseline:giant_cutie  bal_before=9875454  est=300c
  ↳ xarticles:author-baseline:giant_cutie  bal_after=9872184  spent=3270c ($0.0327)  count=20
  ↳ xarticles:author-baseline:HYPERPEPS  bal_before=9872184  est=300c
  ↳ xarticles:author-baseline:HYPERPEPS  bal_after=9872184  spent=0c ($0.0)  count=1
  ↳ xarticles:author-baseline:XBITDEX  bal_before=9872184  est=300c
  ↳ xarticles:author-baseline:XBITDEX  bal_after=9872184  spent=0c ($0.0)  count=20
  ↳ xarticles:author-baseline:blocmates  bal_before=9872184  est=300c
  ↳ xarticles:author-baseline:blocmates  bal_after=9872184  spent=0c ($0.0)  count=20
  ↳ xarticles:author-baseline:El__khalil  bal_before=9872184  est=300c
  ↳ xarticles:author-baseline:El__khalil  bal_after=9872184  spent=0c ($0.0)  count=20
  ↳ xarticles:author-baseline:0xpostrich  bal_before=9872184  est=300c
  ↳ xarticles:author-baseline:0xpostrich  bal_after=9872184  spent=0c ($0.0)  count=20
  ↳ xarticles:author-baseline:Defi_Warhol  bal_before=9872184  est=300c
  ↳ xarticles:author-baseline:Defi_Warhol  bal_after=9872184  spent=0c ($0.0)  count=20
  ↳ xarticles:author-baseline:qlabsofficial  bal_before=9872184  est=300c
  ↳ xarticles:author-baseline:qlabsofficial  bal_after=9872184  spent=0c ($0.0)  count=20
  ↳ xarticles:author-baseline:EzBruv  bal_before=9872184  est=300c
  ↳ xarticles:author-baseline:EzBruv  bal_after=9872184  spent=0c ($0.0)  count=20
  ↳ xarticles:author-baseline:_Telaga_  bal_before=9872184  est=300c
  ↳ xarticles:author-baseline:_Telaga_  bal_after=9872184  spent=0c ($0.0)  count=20
  ↳ xarticles:author-baseline:Hyperliquid_IDN  bal_before=9872184  est=300c
  ↳ xarticles:author-baseline:Hyperliquid_IDN  bal_after=9872184  spent=0c ($0.0)  count=20
  ↳ xarticles:author-baseline:Blockworks  bal_before=9872184  est=300c
  ↳ xarticles:author-baseline:Blockworks  bal_after=9872184  spent=0c ($0.0)  count=20
  ↳ xarticles:author-baseline:cryptodotnews  bal_before=9872184  est=300c
  ↳ xarticles:author-baseline:cryptodotnews  bal_after=9872184  spent=0c ($0.0)  count=20
  ↳ xarticles:author-baseline:HyperEVM_CN  bal_before=9872184  est=300c
  ↳ xarticles:author-baseline:HyperEVM_CN  bal_after=9872184  spent=0c ($0.0)  count=20
  ↳ xarticles:author-baseline:Tanaka_L2  bal_before=9872184  est=300c
  ↳ xarticles:author-baseline:Tanaka_L2  bal_after=9872184  spent=0c ($0.0)  count=20
  ↳ xarticles:author-baseline:HyperEVM_CN  bal_before=9872184  est=300c
  ↳ xarticles:author-baseline:HyperEVM_CN  bal_after=9872184  spent=0c ($0.0)  count=20
  ↳ xarticles:author-baseline:saizyo_crypto  bal_before=9872184  est=300c
  ↳ xarticles:author-baseline:saizyo_crypto  bal_after=9867069  spent=5115c ($0.0512)  count=20
  ↳ xarticles:author-baseline:Baheet_  bal_before=9867069  est=300c
  ↳ xarticles:author-baseline:Baheet_  bal_after=9867069  spent=0c ($0.0)  count=20
  ↳ xarticles:author-baseline:HyperEVM_CN  bal_before=9867069  est=300c
  ↳ xarticles:author-baseline:HyperEVM_CN  bal_after=9867069  spent=0c ($0.0)  count=20
  ↳ xarticles:author-baseline:ArrakisFinance  bal_before=9867069  est=300c
  ↳ xarticles:author-baseline:ArrakisFinance  bal_after=9867069  spent=0c ($0.0)  count=19
  ↳ xarticles:author-baseline:HyperEVM_CN  bal_before=9867069  est=300c
  ↳ xarticles:author-baseline:HyperEVM_CN  bal_after=9867069  spent=0c ($0.0)  count=20
  ↳ xarticles:author-baseline:redstone_defi  bal_before=9867069  est=300c
  ↳ xarticles:author-baseline:redstone_defi  bal_after=9867069  spent=0c ($0.0)  count=20
  ↳ xarticles:author-baseline:HyperEVM_CN  bal_before=9867069  est=300c
  ↳ xarticles:author-baseline:HyperEVM_CN  bal_after=9867069  spent=0c ($0.0)  count=20
  ↳ xarticles:author-baseline:HyperEVM_CN  bal_before=9867069  est=300c
  ↳ xarticles:author-baseline:HyperEVM_CN  bal_after=9867069  spent=0c ($0.0)  count=20
  ↳ xarticles:author-baseline:Baheet_  bal_before=9867069  est=300c
  ↳ xarticles:author-baseline:Baheet_  bal_after=9867069  spent=0c ($0.0)  count=20
  ↳ xarticles:author-baseline:HyperEVM_CN  bal_before=9867069  est=300c
  ↳ xarticles:author-baseline:HyperEVM_CN  bal_after=9867069  spent=0c ($0.0)  count=20
  ↳ xarticles:author-baseline:Hyperliquid_ES  bal_before=9867069  est=300c
  ↳ xarticles:author-baseline:Hyperliquid_ES  bal_after=9867069  spent=0c ($0.0)  count=20
  ↳ xarticles:author-baseline:houseki_kirei  bal_before=9867069  est=300c
  ↳ xarticles:author-baseline:houseki_kirei  bal_after=9867069  spent=0c ($0.0)  count=20
  ↳ xarticles:author-baseline:defiufo  bal_before=9867069  est=300c
  ↳ xarticles:author-baseline:defiufo  bal_after=9867069  spent=0c ($0.0)  count=20
  ↳ xarticles:author-baseline:TomCryptoDefi  bal_before=9867069  est=300c
  ↳ xarticles:author-baseline:TomCryptoDefi  bal_after=9867069  spent=0c ($0.0)  count=20
  ↳ xarticles:author-baseline:Hyperliquid_ES  bal_before=9867069  est=300c
  ↳ xarticles:author-baseline:Hyperliquid_ES  bal_after=9867069  spent=0c ($0.0)  count=20
  ↳ xarticles:author-baseline:PDmytriiev  bal_before=9867069  est=300c
  ↳ xarticles:author-baseline:PDmytriiev  bal_after=9867069  spent=0c ($0.0)  count=20
  ↳ xarticles:author-baseline:Hyperliquid_ES  bal_before=9867069  est=300c
  ↳ xarticles:author-baseline:Hyperliquid_ES  bal_after=9867069  spent=0c ($0.0)  count=20
  ↳ xarticles:author-baseline:EvanCrypto17  bal_before=9867069  est=300c
  ↳ xarticles:author-baseline:EvanCrypto17  bal_after=9867069  spent=0c ($0.0)  count=20
  ↳ xarticles:author-baseline:BiteyeCN  bal_before=9861984  est=300c
  ↳ xarticles:author-baseline:BiteyeCN  bal_after=9861984  spent=0c ($0.0)  count=20
  ↳ xarticles:author-baseline:BlockBeatsAsia  bal_before=9861984  est=300c
  ↳ xarticles:author-baseline:BlockBeatsAsia  bal_after=9861984  spent=0c ($0.0)  count=20
  ↳ xarticles:author-baseline:a1research__  bal_before=9861984  est=300c
  ↳ xarticles:author-baseline:a1research__  bal_after=9861984  spent=0c ($0.0)  count=20
  ↳ xarticles:author-baseline:0xRedGojo  bal_before=9861984  est=300c
  ↳ xarticles:author-baseline:0xRedGojo  bal_after=9861984  spent=0c ($0.0)  count=20
  ↳ xarticles:author-baseline:munji33  bal_before=9861984  est=300c
  ↳ xarticles:author-baseline:munji33  bal_after=9861984  spent=0c ($0.0)  count=20
  ↳ xarticles:author-baseline:196_crypto  bal_before=9861984  est=300c
  ↳ xarticles:author-baseline:196_crypto  bal_after=9861984  spent=0c ($0.0)  count=20
  ↳ xarticles:author-baseline:0xmediaco  bal_before=9861984  est=300c
  ↳ xarticles:author-baseline:0xmediaco  bal_after=9861984  spent=0c ($0.0)  count=20
  ↳ xarticles:author-baseline:StarkCrypto3  bal_before=9861984  est=300c
  ↳ xarticles:author-baseline:StarkCrypto3  bal_after=9861984  spent=0c ($0.0)  count=20
  ↳ xarticles:author-baseline:SmaeiliVahid  bal_before=9861984  est=300c
  ↳ xarticles:author-baseline:SmaeiliVahid  bal_after=9861984  spent=0c ($0.0)  count=20
  ↳ xarticles:author-baseline:hypurrworld  bal_before=9861984  est=300c
  ↳ xarticles:author-baseline:hypurrworld  bal_after=9861984  spent=0c ($0.0)  count=6
  ↳ xarticles:author-baseline:aveai_info  bal_before=9861984  est=300c
  ↳ xarticles:author-baseline:aveai_info  bal_after=9861984  spent=0c ($0.0)  count=20
  ↳ xarticles:author-baseline:AtlasHL  bal_before=9861984  est=300c
  ↳ xarticles:author-baseline:AtlasHL  bal_after=9861984  spent=0c ($0.0)  count=20
  ↳ xarticles:author-baseline:ponyo_fp  bal_before=9861984  est=300c
  ↳ xarticles:author-baseline:ponyo_fp  bal_after=9861984  spent=0c ($0.0)  count=20
  ↳ xarticles:author-baseline:GoodCryptoApp  bal_before=9861984  est=300c
  ↳ xarticles:author-baseline:GoodCryptoApp  bal_after=9861984  spent=0c ($0.0)  count=20
  ↳ xarticles:author-baseline:ilex_ulmus  bal_before=9861984  est=300c
  ↳ xarticles:author-baseline:ilex_ulmus  bal_after=9861984  spent=0c ($0.0)  count=20
  ↳ xarticles:author-baseline:CoinWInsightEN  bal_before=9861984  est=300c
  ↳ xarticles:author-baseline:CoinWInsightEN  bal_after=9857994  spent=3990c ($0.0399)  count=20
  ↳ xarticles:author-baseline:CryptoTaxSucks  bal_before=9857994  est=300c
  ↳ xarticles:author-baseline:CryptoTaxSucks  bal_after=9857994  spent=0c ($0.0)  count=20
  ↳ xarticles:author-baseline:euromandriver  bal_before=9857994  est=300c
  ↳ xarticles:author-baseline:euromandriver  bal_after=9857994  spent=0c ($0.0)  count=20
  ↳ xarticles:author-baseline:BitFrogOfficial  bal_before=9857994  est=300c
  ↳ xarticles:author-baseline:BitFrogOfficial  bal_after=9857994  spent=0c ($0.0)  count=20
  ↳ xarticles:author-baseline:Crypto_Briefing  bal_before=9857994  est=300c
  ↳ xarticles:author-baseline:Crypto_Briefing  bal_after=9857994  spent=0c ($0.0)  count=20
  ↳ xarticles:author-baseline:PANewsCN  bal_before=9857994  est=300c
  ↳ xarticles:author-baseline:PANewsCN  bal_after=9857994  spent=0c ($0.0)  count=20
  ↳ xarticles:author-baseline:stoic_research  bal_before=9857994  est=300c
  ↳ xarticles:author-baseline:stoic_research  bal_after=9857994  spent=0c ($0.0)  count=12
  ↳ xarticles:author-baseline:AveaiGlobal  bal_before=9857994  est=300c
  ↳ xarticles:author-baseline:AveaiGlobal  bal_after=9857994  spent=0c ($0.0)  count=20
  ↳ xarticles:author-baseline:dannatafinanza  bal_before=9857994  est=300c
  ↳ xarticles:author-baseline:dannatafinanza  bal_after=9857994  spent=0c ($0.0)  count=20
  ↳ xarticles:author-baseline:coin_gabbar_  bal_before=9857994  est=300c
  ↳ xarticles:author-baseline:coin_gabbar_  bal_after=9857994  spent=0c ($0.0)  count=20
  ↳ xarticles:author-baseline:PANewsCN  bal_before=9857994  est=300c
  ↳ xarticles:author-baseline:PANewsCN  bal_after=9857994  spent=0c ($0.0)  count=20
  ↳ xarticles:author-baseline:todayindefi  bal_before=9857994  est=300c
  ↳ xarticles:author-baseline:todayindefi  bal_after=9857994  spent=0c ($0.0)  count=20
  ↳ xarticles:author-baseline:stoic_research  bal_before=9857994  est=300c
  ↳ xarticles:author-baseline:stoic_research  bal_after=9857994  spent=0c ($0.0)  count=12
  ↳ xarticles:author-baseline:SwftCoin  bal_before=9857994  est=300c
  ↳ xarticles:author-baseline:SwftCoin  bal_after=9857994  spent=0c ($0.0)  count=20
  ↳ xarticles:author-baseline:longpratas  bal_before=9857994  est=300c
  ↳ xarticles:author-baseline:longpratas  bal_after=9857994  spent=0c ($0.0)  count=19
  ↳ xarticles:author-baseline:lan89677745  bal_before=9857994  est=300c
  ↳ xarticles:author-baseline:lan89677745  bal_after=9853434  spent=4560c ($0.0456)  count=20
  ↳ xarticles:author-baseline:SifuBacktest  bal_before=9853434  est=300c
  ↳ xarticles:author-baseline:SifuBacktest  bal_after=9853434  spent=0c ($0.0)  count=20
  ↳ xarticles:author-baseline:verticalfunded  bal_before=9853434  est=300c
  ↳ xarticles:author-baseline:verticalfunded  bal_after=9853434  spent=0c ($0.0)  count=20
  ↳ xarticles:author-baseline:silk_nodes  bal_before=9853434  est=300c
  ↳ xarticles:author-baseline:silk_nodes  bal_after=9853434  spent=0c ($0.0)  count=20
  ↳ xarticles:author-baseline:Resonance88888  bal_before=9853434  est=300c
  ↳ xarticles:author-baseline:Resonance88888  bal_after=9853434  spent=0c ($0.0)  count=4
  ↳ xarticles:author-baseline:Crypto_Briefing  bal_before=9853434  est=300c
  ↳ xarticles:author-baseline:Crypto_Briefing  bal_after=9853434  spent=0c ($0.0)  count=20
  ↳ xarticles:author-baseline:0xblnkslate  bal_before=9853434  est=300c
  ↳ xarticles:author-baseline:0xblnkslate  bal_after=9853434  spent=0c ($0.0)  count=13
  ↳ xarticles:author-baseline:DiegoMarquescr  bal_before=9853434  est=300c
  ↳ xarticles:author-baseline:DiegoMarquescr  bal_after=9853434  spent=0c ($0.0)  count=15
  ↳ xarticles:author-baseline:woleswoosh  bal_before=9853434  est=300c
  ↳ xarticles:author-baseline:woleswoosh  bal_after=9853434  spent=0c ($0.0)  count=20
  ↳ xarticles:author-baseline:BitFrogOfficial  bal_before=9853434  est=300c
  ↳ xarticles:author-baseline:BitFrogOfficial  bal_after=9853434  spent=0c ($0.0)  count=20
  ↳ xarticles:author-baseline:matt_ai_agent  bal_before=9853434  est=300c
  ↳ xarticles:author-baseline:matt_ai_agent  bal_after=9853434  spent=0c ($0.0)  count=20
  ↳ xarticles:author-baseline:Betalphaagent  bal_before=9853434  est=300c
  ↳ xarticles:author-baseline:Betalphaagent  bal_after=9853434  spent=0c ($0.0)  count=20
