{
  "date": "2026-06-09",
  "niche": "hyperliquid",
  "out_dir": "/Users/maxguillabert/Downloads/index/docs/x-targeting/x_articles/2026-06-09/hyperliquid",
  "tweets": 789,
  "native_x_articles": 8,
  "top": {
    "tweet_id": "2064363957205238164",
    "tweet_url": "https://x.com/Crypto_Briefing/status/2064363957205238164",
    "article_url": "https://x.com/i/article/2064363843904589825",
    "title": "Hyperliquid perps now live on Nansen as onchain derivatives volume surges to $625B",
    "preview_text": "Nansen has expanded its agentic trading platform with the launch of Hyperliquid perpetuals trading, embedding one of the most active decentralized derivatives venues directly into its analytics and",
    "cover_media_img_url": "https://pbs.twimg.com/media/HKYYEZ0XQAASGY5.jpg",
    "author": "Crypto_Briefing",
    "author_name": "Crypto Briefing",
    "author_followers": 63719,
    "created_at": "Tue Jun 09 15:08:16 +0000 2026",
    "likes": 2,
    "retweets": 0,
    "replies": 2,
    "quotes": 1,
    "bookmarks": 0,
    "views": 1941,
    "query_label": "likes-gte-2",
    "engagement": 5,
    "weighted_engagement": 6,
    "engagement_per_1k_views": 2.576,
    "score": 6.647,
    "author_avg_views_last10": 553.4,
    "author_avg_views_min_age_hours": 4,
    "views_per_1k_followers": 30.462,
    "views_vs_author_avg": 3.507,
    "outlier_score": 383.738
  }
}
