{
  "date": "2026-06-10",
  "niche": "polymarket-30d",
  "out_dir": "/Users/maxguillabert/Downloads/index/docs/x-targeting/x_articles/2026-06-10/polymarket-30d",
  "tweets": 10020,
  "native_x_articles": 285,
  "top": {
    "tweet_id": "2062201942562984065",
    "tweet_url": "https://x.com/snowyautumndays/status/2062201942562984065",
    "article_url": "https://x.com/i/article/2062197519002529792",
    "title": "The Core Problem With Prediction Market Mechanisms",
    "preview_text": "Prediction markets are having their moment. Polymarket did $9B+ in volume during the 2024 election. Kalshi is raising at a $22B valuation. New exchanges are launching monthly. The category is real.",
    "cover_media_img_url": "https://pbs.twimg.com/media/HJ5pfSiXMAAiwRU.jpg",
    "author": "snowyautumndays",
    "author_name": "Alex",
    "author_followers": 649,
    "created_at": "Wed Jun 03 15:57:11 +0000 2026",
    "likes": 282,
    "retweets": 18,
    "replies": 14,
    "quotes": 1,
    "bookmarks": 59,
    "views": 666925,
    "query_label": "x-pm-bot-latest",
    "engagement": 374,
    "weighted_engagement": 393,
    "engagement_per_1k_views": 0.561,
    "score": 493,
    "author_avg_views_last10": 1097.2,
    "author_avg_views_min_age_hours": 4,
    "views_per_1k_followers": 1027619.414,
    "views_vs_author_avg": 607.843,
    "outlier_score": 1088404.275
  }
}
